استئناف: 443 آية · بنود: —

=== البند: جزء 30 — 246 آية في 22 سورة ===
سورة 108: +1/1 (الإجمالي 444)
سورة 106: +1/1 (الإجمالي 445)
سورة 105: +1/1 (الإجمالي 446)
سورة 95: +1/1 (الإجمالي 447)
سورة 99: +2/2 (الإجمالي 449)
سورة 104: +1/1 (الإجمالي 450)
سورة 93: +1/1 (الإجمالي 451)
سورة 100: +4/4 (الإجمالي 455)
سورة 91: +8/9 (الإجمالي 463)
سورة 82: +2/2 (الإجمالي 465)
سورة 96: +1/1 (الإجمالي 466)
سورة 90: +4/4 (الإجمالي 470)
سورة 92: +3/3 (الإجمالي 473)
سورة 85: +1/1 (الإجمالي 474)
سورة 84: +5/5 (الإجمالي 479)
سورة 88: +2/2 (الإجمالي 481)
سورة 81: +29/29 (الإجمالي 510)
سورة 89: +25/25 (الإجمالي 535)
سورة 83: +35/35 (الإجمالي 570)
سورة 78: +36/36 (الإجمالي 606)
سورة 80: +41/41 (الإجمالي 647)
سورة 79: +41/41 (الإجمالي 688)
✅ البند «جزء 30»: 526/527 آية (99.8%) · الإجمالي 688

=== البند: جزء 29 (تبارك) — 401 آية في 11 سورة ===
سورة 73: +0/1 (الإجمالي 688)
سورة 71: +28/28 (الإجمالي 716)
سورة 72: +28/28 (الإجمالي 744)
سورة 67: +30/30 (الإجمالي 774)
سورة 76: +31/31 (الإجمالي 805)
    محاولة 1/6: URLError <urlopen error _ssl.c:989: The handshake operation timed out>
سورة 75: +38/39 (الإجمالي 843)
سورة 70: +42/43 (الإجمالي 885)
سورة 77: +49/49 (الإجمالي 934)
سورة 68: +49/51 (الإجمالي 983)
سورة 69: +49/49 (الإجمالي 1032)
    محاولة 1/6: TimeoutError The read operation timed out
    محاولة 2/6: TimeoutError The read operation timed out
سورة 74: +51/52 (الإجمالي 1083)
✅ البند «جزء 29 (تبارك)»: 413/419 آية (98.6%) · الإجمالي 1083

=== البند: الفاتحة + آية الكرسي + خواتيم البقرة — 12 آية في 2 سورة ===
سورة 1: +0/1 (الإجمالي 1083)
    محاولة 1/6: TimeoutError The read operation timed out
    محاولة 2/6: TimeoutError The read operation timed out
    محاولة 3/6: TimeoutError The read operation timed out
    محاولة 4/6: OSError مبتور: 36433984 من 168398468
    محاولة 5/6: TimeoutError The read operation timed out
سورة 2: +9/11 (الإجمالي 1092)
✅ البند «الفاتحة + آية الكرسي + خواتيم البقرة»: 13/16 آية (81.2%) · الإجمالي 1092

=== البند: الكهف — 108 آية في 1 سورة ===
سورة 18: +107/108 (الإجمالي 1199)
✅ البند «الكهف»: 107/108 آية (99.1%) · الإجمالي 1199

=== البند: يس — 42 آية في 1 سورة ===
سورة 36: +41/42 (الإجمالي 1240)
✅ البند «يس»: 41/42 آية (97.6%) · الإجمالي 1240

=== البند: الرحمن — 73 آية في 1 سورة ===
سورة 55: +73/73 (الإجمالي 1313)
✅ البند «الرحمن»: 73/73 آية (100.0%) · الإجمالي 1313

=== البند: الواقعة — 88 آية في 1 سورة ===
سورة 56: +86/88 (الإجمالي 1399)
✅ البند «الواقعة»: 86/88 آية (97.7%) · الإجمالي 1399

=== البند: السجدة — 12 آية في 1 سورة ===
سورة 32: +11/12 (الإجمالي 1410)
✅ البند «السجدة»: 11/12 آية (91.7%) · الإجمالي 1410

=== البند: مريم — 31 آية في 1 سورة ===
سورة 19: +30/31 (الإجمالي 1440)
✅ البند «مريم»: 30/31 آية (96.8%) · الإجمالي 1440

=== البند: الحجرات — 1 آية في 1 سورة ===
سورة 49: +0/1 (الإجمالي 1440)
✅ البند «الحجرات»: 17/18 آية (94.4%) · الإجمالي 1440

=== البند: لقمان — 34 آية في 1 سورة ===
سورة 31: +33/34 (الإجمالي 1473)
✅ البند «لقمان»: 33/34 آية (97.1%) · الإجمالي 1473

=== البند: جزء 28 — 13 آية في 7 سورة ===
سورة 65: +1/1 (الإجمالي 1474)
سورة 66: +1/2 (الإجمالي 1475)
سورة 60: +1/1 (الإجمالي 1476)
سورة 61: +1/1 (الإجمالي 1477)
سورة 64: +2/2 (الإجمالي 1479)
سورة 58: +3/3 (الإجمالي 1482)
سورة 59: +2/3 (الإجمالي 1484)
✅ البند «جزء 28»: 134/136 آية (98.5%) · الإجمالي 1484

المخرج: 1484 آية · 11501 كلمة · بنود مكتملة: [{'item': 'جزء 30', 'covered': 526, 'high': 527}, {'item': 'جزء 29 (تبارك)', 'covered': 413, 'high': 419}, {'item': 'الفاتحة + آية الكرسي + خواتيم البقرة', 'covered': 13, 'high': 16}, {'item': 'الكهف', 'covered': 107, 'high': 108}, {'item': 'يس', 'covered': 41, 'high': 42}, {'item': 'الرحمن', 'covered': 73, 'high': 73}, {'item': 'الواقعة', 'covered': 86, 'high': 88}, {'item': 'السجدة', 'covered': 11, 'high': 12}, {'item': 'مريم', 'covered': 30, 'high': 31}, {'item': 'الحجرات', 'covered': 17, 'high': 18}, {'item': 'لقمان', 'covered': 33, 'high': 34}, {'item': 'جزء 28', 'covered': 134, 'high': 136}]
ساقطة: {'low-acc': 19, 'too-interpolated': 1}
