كلمات من آيات قبلتها القاعدة الجديدة وحدها: 45
  91:15 ك2 CONTAINS هدف«يخاف» سُمع«يخاف عري»
  100:6 ك3 MISMATCH هدف«لربه» سُمع«في ربه»
  91:7 ك1 EXACT هدف«ونفس» سُمع«ونفس»
  91:7 ك2 CONTAINS هدف«وما» سُمع«وما سبيل»
  91:5 ك3 MISMATCH هدف«بنيها» سُمع«بناها»
  93:2 ك2 CONTAINS هدف«اذا» سُمع«اذا سبيل»
  91:6 ك1 EXACT هدف«والارض» سُمع«والارض»
  91:7 ك3 MISMATCH هدف«سويها» سُمع«سواها»
  100:1 ك2 EXACT هدف«ضبحا» سُمع«ضبحا»
  93:2 ك1 MISMATCH هدف«واليل» سُمع«والليل»
  82:6 ك5 MISMATCH هدف«بربك» سُمع«في ربك»
  82:10 ك1 CONTAINS هدف«وان» سُمع«وان عن»
  100:2 ك2 MISMATCH هدف«قدحا» سُمع«خدحا»
  91:5 ك1 EXACT هدف«والسما» سُمع«والسما»
  91:1 ك1 EXACT هدف«والشمس» سُمع«والشمس»
  93:2 ك3 MISMATCH هدف«سجي» سُمع«فسجي»
  91:8 ك3 MISMATCH هدف«وتقويها» سُمع«وتقواها»
  91:6 ك2 CONTAINS هدف«وما» سُمع«وما طح»
  82:6 ك4 MISMATCH هدف«غرك» سُمع«والركب»
  91:15 ك3 MISMATCH هدف«عقبها» سُمع«قباها»
  100:3 ك1 MISMATCH هدف«فالمغيرت» سُمع«فالمويرات صرر»
  82:6 ك3 EXACT هدف«ما» سُمع«ما»
  91:8 ك2 MISMATCH هدف«فجورها» سُمع«جورها»
  91:1 ك2 MISMATCH هدف«وضحيها» سُمع«وضحاها»
  100:6 ك1 CONTAINS هدف«ان» سُمع«ان الانسان»
  91:8 ك1 CONTAINS هدف«فالهمها» سُمع«فالهمها فجر»
  100:3 ك2 EXACT هدف«صبحا» سُمع«صبحا»
  91:3 ك3 MISMATCH هدف«جليها» سُمع«وجلاها»
  82:6 ك6 MISMATCH هدف«الكريم» سُمع«بالكريم»
  100:6 ك2 MISMATCH هدف«الانسن» سُمع«الانسان»
  82:6 ك1 MISMATCH هدف«يايها» سُمع«يس»
  91:3 ك1 EXACT هدف«والنهار» سُمع«والنهار»
  91:2 ك1 EXACT هدف«والقمر» سُمع«والقمر»
  91:6 ك3 MISMATCH هدف«طحيها» سُمع«وحاها»
  100:6 ك4 MISMATCH هدف«لكنود» سُمع«الي كذود»
  82:10 ك2 CONTAINS هدف«عليكم» سُمع«عليكم لك يليكم»
  100:1 ك1 MISMATCH هدف«والعديت» سُمع«والعاديات»
  91:3 ك2 CONTAINS هدف«اذا» سُمع«اذا دين»
  82:6 ك2 MISMATCH هدف«الانسن» سُمع«ين يهي الانسان»
  91:2 ك3 MISMATCH هدف«تليها» سُمع«تلاها»

=== النتيجة على 40 كلمة ===
صارم 18/40 = 45.0% (سقف QUL 20.0%)
متسامح 23/40 = 57.5% (سقف QUL 35.0%)
الحكم: ⛔ لا تُعتمد
