عينة 40 كلمة من 2 سورة

  99:8 ك3 [2900-4600] CONTAINS · هدف «مثقال» · سُمع «مثقال ذر»
  99:7 ك3 [2900-4520] CONTAINS · هدف «مثقال» · سُمع «مثقال ذر»
  112:2 ك2 [1800-3000] MISMATCH · هدف «الصمد» · سُمع «صمد»
  112:4 ك5 [4100-6160] MISMATCH · هدف «احد» · سُمع «فاحد»
  99:4 ك2 [2380-4200] EXACT · هدف «تحدث» · سُمع «تحدث»
  99:4 ك1 [180-2380] EXACT · هدف «يوميذ» · سُمع «يوميذ»
  99:6 ك3 [3980-5380] MISMATCH · هدف «الناس» · سُمع «والناس»
  99:8 ك5 [6520-8060] MISMATCH · هدف «شرا» · سُمع «شرين»
  99:6 ك6 [8560-12220] MISMATCH · هدف «اعملهم» · سُمع «واعمالهم»
  99:6 ك2 [2280-3980] MISMATCH · هدف «يصدر» · سُمع «يصدرون»
  99:3 ك4 [4900-7280] EXACT · هدف «لها» · سُمع «لها»
  99:7 ك1 [0-1480] MISMATCH · هدف «فمن» · سُمع «فميين»
  99:3 ك2 [1660-4280] MISMATCH · هدف «الانسن» · سُمع «بالانسان»
  99:4 ك3 [4200-6800] MISMATCH · هدف «اخبارها» · سُمع «واخبارها»
  99:2 ك1 [0-2240] MISMATCH · هدف «واخرجت» · سُمع «واخرجتين»
  112:1 ك1 [100-620] EXACT · هدف «قل» · سُمع «قل»
  99:7 ك2 [1480-2900] MISMATCH · هدف «يعمل» · سُمع «ليعمل»
  99:6 ك1 [140-2280] EXACT · هدف «يوميذ» · سُمع «يوميذ»
  99:8 ك4 [4600-6520] MISMATCH · هدف «ذره» · سُمع «بلره»
  99:5 ك1 [180-1600] MISMATCH · هدف «بان» · سُمع «بانر»
  99:5 ك4 [4260-5420] EXACT · هدف «لها» · سُمع «لها»
  99:6 ك4 [5380-7380] MISMATCH · هدف «اشتاتا» · سُمع «واشتاتا»
  112:3 ك3 [1660-2660] CONTAINS · هدف «ولم» · سُمع «ولم يوع»
  112:4 ك3 [1920-2800] CONTAINS · هدف «له» · سُمع «له يوتي»
  112:1 ك4 [2520-4840] MISMATCH · هدف «احد» · سُمع «واحد»
  99:5 ك3 [2820-4260] MISMATCH · هدف «اوحي» · سُمع «واوحي»
  112:4 ك2 [920-1920] MISMATCH · هدف «يكن» · سُمع «يكر»
  99:7 ك4 [4520-5980] MISMATCH · هدف «ذره» · سُمع «بلره»
  99:1 ك4 [4100-8020] EXACT · هدف «زلزالها» · سُمع «زلزالها»
  99:8 ك6 [8060-9440] EXACT · هدف «يره» · سُمع «يره»
  99:8 ك2 [1440-2900] MISMATCH · هدف «يعمل» · سُمع «ليعمل»
  112:3 ك2 [860-1660] MISMATCH · هدف «يلد» · سُمع «يالدو»
  99:3 ك3 [4280-4900] MISMATCH · هدف «ما» · سُمع «مال»
  99:7 ك6 [7560-9140] EXACT · هدف «يره» · سُمع «يره»
  99:8 ك1 [120-1440] MISMATCH · هدف «ومن» · سُمع «وميين»
  112:2 ك1 [100-1800] CONTAINS · هدف «الله» · سُمع «الله الصور»
  112:3 ك4 [2660-4700] MISMATCH · هدف «يولد» · سُمع «قولد»
  112:1 ك3 [1240-2520] EXACT · هدف «الله» · سُمع «الله»
  99:1 ك2 [1300-2860] EXACT · هدف «زلزلت» · سُمع «زلزلت»
  99:5 ك2 [1600-2820] MISMATCH · هدف «ربك» · سُمع «وربك»

=== نتيجة الدورة الكاملة على 40 كلمة ===
  MISMATCH: 24 (60.0%)
  EXACT: 11 (27.5%)
  CONTAINS: 5 (12.5%)

✅ الكلمة مسموعة داخل مقطعها: 16/40 = 40.0%
⚠️ تسرّب من الجارة: 0
⛔ منزاح كلياً: 24
التفاصيل: C:\Users\slxc\Documents\GitHub\QuranRafiq\tools\alignment_v2\wordtimings\work\roundtrip.json
