
=== سورة 99 (الزلزلة) — 8 آية ===
  99:1 ✓ 4 كلمة · acc=1.0 · استقراء 0
  99:2 ✓ 3 كلمة · acc=1.0 · استقراء 0
  99:3 ✓ 4 كلمة · acc=0.75 · استقراء 0
  99:4 ✓ 3 كلمة · acc=1.0 · استقراء 0
  99:5 ✓ 4 كلمة · acc=1.0 · استقراء 0
  99:6 ✓ 6 كلمة · acc=0.833 · استقراء 0
  99:7 ✓ 6 كلمة · acc=1.0 · استقراء 0
  99:8 ✓ 6 كلمة · acc=1.0 · استقراء 0

=== سورة 100 (العاديات) — 11 آية ===
  100:1 ⚠️ سقطت (low-acc, acc=0.5)
  100:2 ⚠️ سقطت (low-acc, acc=0.5)
  100:3 ⚠️ سقطت (low-acc, acc=0.5)
  100:4 ✓ 3 كلمة · acc=1.0 · استقراء 0
  100:5 ✓ 3 كلمة · acc=1.0 · استقراء 0
  100:6 ✓ 4 كلمة · acc=0.75 · استقراء 0
  100:7 ✓ 4 كلمة · acc=1.0 · استقراء 0
  100:8 ✓ 4 كلمة · acc=1.0 · استقراء 0
  100:9 ✓ 8 كلمة · acc=1.0 · استقراء 1
  100:10 ✓ 4 كلمة · acc=1.0 · استقراء 0
  100:11 ✓ 5 كلمة · acc=1.0 · استقراء 0

=== سورة 112 (الإخلاص) — 4 آية ===
  112:1 ✓ 4 كلمة · acc=1.0 · استقراء 0
  112:2 ✓ 2 كلمة · acc=1.0 · استقراء 0
  112:3 ✓ 4 كلمة · acc=1.0 · استقراء 0
  112:4 ✓ 5 كلمة · acc=1.0 · استقراء 0

=== المعايرة على 86 كلمة ===
بداية الكلمة: وسيط |الخطأ| = 1160م.ث · p90 = 1720م.ث · ضمن ±250م.ث: 0/86 = 0.0%
نهاية الكلمة: وسيط |الخطأ| = 1820م.ث · p90 = 2560م.ث · ضمن ±250م.ث: 3/86 = 3.5%
  منها المسندة مباشرة: وسيط |الخطأ| = 1160م.ث · p90 = 1720م.ث · ضمن ±250م.ث: 0/85 = 0.0%
  منها المستقرأة: وسيط |الخطأ| = 320م.ث · p90 = 320م.ث · ضمن ±250م.ث: 0/1 = 0.0%
آيات ساقطة (بلا words[]): 3 [(100, 1, 'low-acc', 0.5), (100, 2, 'low-acc', 0.5), (100, 3, 'low-acc', 0.5)]
التفاصيل: C:\Users\slxc\Documents\GitHub\QuranRafiq\tools\alignment_v2\wordtimings\work\calib_words.json
نُظّفت قصاصات الآيات.
