عينة 40 كلمة من 2 سورة

  99:8 ك3 [2680-4080] MISMATCH · هدف «مثقال» · سُمع «بالمثقي»
  99:7 ك3 [2680-4000] MISMATCH · هدف «مثقال» · سُمع «بالمثقي»
  112:2 ك2 [1720-5800] EXACT · هدف «الصمد» · سُمع «الصمد»
  112:4 ك5 [4240-8400] MISMATCH · هدف «احد» · سُمع «ناحد»
  99:4 ك2 [2160-3760] CONTAINS · هدف «تحدث» · سُمع «ان تحدث»
  99:4 ك1 [0-1480] EXACT · هدف «يوميذ» · سُمع «يوميذ»
  99:6 ك3 [4080-4840] MISMATCH · هدف «الناس» · سُمع «ني»
  99:8 ك5 [6320-7200] MISMATCH · هدف «شرا» · سُمع «ش»
  99:6 ك6 [9040-10040] MISMATCH · هدف «اعملهم» · سُمع «ثمان»
  99:6 ك2 [2240-3360] MISMATCH · هدف «يصدر» · سُمع «يصدور»
  99:3 ك4 [4640-5040] MISMATCH · هدف «لها» · سُمع «قال»
  99:7 ك1 [0-440] MISMATCH · هدف «فمن» · سُمع «فانفر»
  99:3 ك2 [1680-3640] MISMATCH · هدف «الانسن» · سُمع «في الانسان»
  99:4 ك3 [4320-5840] MISMATCH · هدف «اخبارها» · سُمع «فاخبارا»
  99:2 ك1 [0-1640] MISMATCH · هدف «واخرجت» · سُمع «واخرج»
  112:1 ك1 [0-90] MISMATCH · هدف «قل» · سُمع «قلوا»
  99:7 ك2 [1320-2480] CONTAINS · هدف «يعمل» · سُمع «في يعمل»
  99:6 ك1 [0-1480] EXACT · هدف «يوميذ» · سُمع «يوميذ»
  99:8 ك4 [4240-5440] MISMATCH · هدف «ذره» · سُمع «ولذرت»
  99:5 ك1 [290-390] MISMATCH · هدف «بان» · سُمع «بالارض»
  99:5 ك4 [4000-4400] MISMATCH · هدف «لها» · سُمع «قال»
  99:6 ك4 [5160-6440] MISMATCH · هدف «اشتاتا» · سُمع «واشتي»
  112:3 ك3 [1440-2120] CONTAINS · هدف «ولم» · سُمع «ولم يلوله»
  112:4 ك3 [1970-2070] MISMATCH · هدف «له» · سُمع «يا»
  112:1 ك4 [2640-5960] MISMATCH · هدف «احد» · سُمع «حد»
  99:5 ك3 [2680-3440] MISMATCH · هدف «اوحي» · سُمع «يا اوح»
  112:4 ك2 [680-1160] MISMATCH · هدف «يكن» · سُمع «ميكون»
  99:7 ك4 [4160-5320] MISMATCH · هدف «ذره» · سُمع «ولذرت»
  99:1 ك4 [3760-5640] MISMATCH · هدف «زلزالها» · سُمع «واضلزي الزاله»
  99:8 ك6 [8160-12520] MISMATCH · هدف «يره» · سُمع «ييره»
  99:8 ك2 [1320-2480] CONTAINS · هدف «يعمل» · سُمع «في يعمل»
  112:3 ك2 [600-1360] MISMATCH · هدف «يلد» · سُمع «ميالد»
  99:3 ك3 [3930-4030] MISMATCH · هدف «ما» · سُمع «فيه»
  99:7 ك6 [7640-11760] MISMATCH · هدف «يره» · سُمع «ييره»
  99:8 ك1 [0-400] MISMATCH · هدف «ومن» · سُمع «والرسر»
  112:2 ك1 [410-510] MISMATCH · هدف «الله» · سُمع «والرلين»
  112:3 ك4 [2320-6040] CONTAINS · هدف «يولد» · سُمع «من يولد»
  112:1 ك3 [1250-1350] MISMATCH · هدف «الله» · سُمع «قلوا»
  99:1 ك2 [920-2320] MISMATCH · هدف «زلزلت» · سُمع «وزلزلت»
  99:5 ك2 [2000-2360] MISMATCH · هدف «ربك» · سُمع «رب»

=== نتيجة الدورة الكاملة على 40 كلمة ===
  MISMATCH: 32 (80.0%)
  CONTAINS: 5 (12.5%)
  EXACT: 3 (7.5%)

✅ الكلمة مسموعة داخل مقطعها: 8/40 = 20.0%
⚠️ تسرّب من الجارة: 0
⛔ منزاح كلياً: 32
التفاصيل: C:\Users\slxc\Documents\GitHub\QuranRafiq\tools\alignment_v2\wordtimings\work\roundtrip_qul.json
