عينة 40 كلمة من 2 سورة

  99:8 ك3 [3360-4840] MISMATCH · هدف «مثقال» · سُمع «قال ذر»
  99:7 ك3 [3320-4740] MISMATCH · هدف «مثقال» · سُمع «قال ذر»
  112:2 ك2 [2280-3000] MISMATCH · هدف «الصمد» · سُمع «مد»
  112:4 ك5 [4480-6160] MISMATCH · هدف «احد» · سُمع «عد»
  99:4 ك2 [2780-4460] MISMATCH · هدف «تحدث» · سُمع «وحدث اخر»
  99:4 ك1 [760-2780] CONTAINS · هدف «يوميذ» · سُمع «يوميذ تحيي»
  99:6 ك3 [4580-5880] MISMATCH · هدف «الناس» · سُمع «يا سوش»
  99:8 ك5 [7300-8700] MISMATCH · هدف «شرا» · سُمع «وانير»
  99:6 ك6 [9040-12220] MISMATCH · هدف «اعملهم» · سُمع «ما لهم»
  99:6 ك2 [3200-4580] MISMATCH · هدف «يصدر» · سُمع «درنا»
  99:3 ك4 [5240-7280] MISMATCH · هدف «لها» · سُمع «ها»
  99:7 ك1 [560-2000] MISMATCH · هدف «فمن» · سُمع «من يعمرون»
  99:3 ك2 [1800-4560] WRONG_NEXT · هدف «الانسن» · سُمع «وانسان ما»
  99:4 ك3 [4460-6800] MISMATCH · هدف «اخبارها» · سُمع «بارها»
  99:2 ك1 [540-2600] WRONG_NEXT · هدف «واخرجت» · سُمع «فاخرجت الارض»
  112:1 ك1 [560-1100] WRONG_NEXT · هدف «قل» · سُمع «ان هو»
  99:7 ك2 [2000-3320] MISMATCH · هدف «يعمل» · سُمع «عم المثل»
  99:6 ك1 [820-3200] MISMATCH · هدف «يوميذ» · سُمع «او ميذ يصدرون»
  99:8 ك4 [4840-7300] MISMATCH · هدف «ذره» · سُمع «وره شره»
  99:5 ك1 [440-2200] MISMATCH · هدف «بان» · سُمع «ان رب»
  99:5 ك4 [4560-5420] MISMATCH · هدف «لها» · سُمع «ها»
  99:6 ك4 [5880-7760] MISMATCH · هدف «اشتاتا» · سُمع «تاتا ليريما»
  112:3 ك3 [1860-2900] CONTAINS · هدف «ولم» · سُمع «ولم يوع»
  112:4 ك3 [2180-3340] MISMATCH · هدف «له» · سُمع «عنكف»
  112:1 ك4 [2840-4840] MISMATCH · هدف «احد» · سُمع «حد»
  99:5 ك3 [3220-4560] MISMATCH · هدف «اوحي» · سُمع «وحالها»
  112:4 ك2 [1320-2180] MISMATCH · هدف «يكن» · سُمع «قل لهم»
  99:7 ك4 [4740-6580] MISMATCH · هدف «ذره» · سُمع «فره خير»
  99:1 ك4 [4380-8020] MISMATCH · هدف «زلزالها» · سُمع «في زالها»
  99:8 ك6 [8700-9440] MISMATCH · هدف «يره» · سُمع «فره»
  99:8 ك2 [2000-3360] MISMATCH · هدف «يعمل» · سُمع «عم المثل»
  112:3 ك2 [1040-1860] MISMATCH · هدف «يلد» · سُمع «لدوان»
  99:3 ك3 [4560-5240] MISMATCH · هدف «ما» · سُمع «قال هل»
  99:7 ك6 [8260-9140] MISMATCH · هدف «يره» · سُمع «طعه»
  99:8 ك1 [460-2000] CONTAINS · هدف «ومن» · سُمع «ومن يعري»
  112:2 ك1 [900-2280] MISMATCH · هدف «الله» · سُمع «قالوا الصمه»
  112:3 ك4 [2900-4700] MISMATCH · هدف «يولد» · سُمع «قولد»
  112:1 ك3 [2240-2840] MISMATCH · هدف «الله» · سُمع «وهو الحميم»
  99:1 ك2 [1800-3260] WRONG_NEXT · هدف «زلزلت» · سُمع «اذ زلت الارض»
  99:5 ك2 [2200-3220] MISMATCH · هدف «ربك» · سُمع «بكاون»

=== نتيجة الدورة الكاملة على 40 كلمة ===
  MISMATCH: 33 (82.5%)
  WRONG_NEXT: 4 (10.0%)
  CONTAINS: 3 (7.5%)

✅ الكلمة مسموعة داخل مقطعها: 3/40 = 7.5%
⚠️ تسرّب من الجارة: 0
⛔ منزاح كلياً: 37
التفاصيل: C:\Users\slxc\Documents\GitHub\QuranRafiq\tools\alignment_v2\wordtimings\work\roundtrip.json
